sort_order benchmark — scale=5  rows=300000  bench_ops=150000

--- variant: plain ---
[BENCH] plain      INSERT           ops=150000    elapsed=  1.503s  TPS=99816
[BENCH] plain      SELECT_RANGE     ops=150000    elapsed=  0.529s  TPS=283412
[BENCH] plain      SELECT_RANGE_REV  ops=150000    elapsed=  0.515s  TPS=291536
[BENCH] plain      UPDATE           ops=150000    elapsed=  1.902s  TPS=78883
[BENCH] plain      REPLACE          ops=150000    elapsed=  1.979s  TPS=75809
[BENCH] plain      DELETE           ops=150000    elapsed=  1.833s  TPS=81845

--- variant: all_desc ---
[BENCH] all_desc   INSERT           ops=150000    elapsed=  1.906s  TPS=78685
[BENCH] all_desc   SELECT_RANGE     ops=150000    elapsed=  0.526s  TPS=285153
[BENCH] all_desc   SELECT_RANGE_REV  ops=150000    elapsed=  0.502s  TPS=298987
[BENCH] all_desc   UPDATE           ops=150000    elapsed=  1.877s  TPS=79909
[BENCH] all_desc   REPLACE          ops=150000    elapsed=  1.775s  TPS=84514
[BENCH] all_desc   DELETE           ops=150000    elapsed=  1.753s  TPS=85575

--- variant: mixed ---
[BENCH] mixed      INSERT           ops=150000    elapsed=  1.987s  TPS=75493
[BENCH] mixed      SELECT_RANGE     ops=150000    elapsed=  0.528s  TPS=283908
[BENCH] mixed      SELECT_RANGE_REV  ops=150000    elapsed=  0.511s  TPS=293621
[BENCH] mixed      UPDATE           ops=150000    elapsed=  2.148s  TPS=69823
[BENCH] mixed      REPLACE          ops=150000    elapsed=  2.293s  TPS=65408
[BENCH] mixed      DELETE           ops=150000    elapsed=  1.803s  TPS=83195

[BENCH] DONE
