sort_order benchmark — scale=20  rows=1200000  bench_ops=600000

--- variant: plain ---
[BENCH] plain      INSERT           ops=600000    elapsed=  6.727s  TPS=89199
[BENCH] plain      SELECT_RANGE     ops=600000    elapsed=  2.059s  TPS=291347
[BENCH] plain      SELECT_RANGE_REV  ops=600000    elapsed=  2.221s  TPS=270197
[BENCH] plain      UPDATE           ops=600000    elapsed=  8.974s  TPS=66859
[BENCH] plain      REPLACE          ops=600000    elapsed=  9.111s  TPS=65852
[BENCH] plain      DELETE           ops=600000    elapsed=  7.192s  TPS=83429

--- variant: all_desc ---
[BENCH] all_desc   INSERT           ops=600000    elapsed=  7.407s  TPS=81000
[BENCH] all_desc   SELECT_RANGE     ops=600000    elapsed=  2.071s  TPS=289729
[BENCH] all_desc   SELECT_RANGE_REV  ops=600000    elapsed=  2.310s  TPS=259727
[BENCH] all_desc   UPDATE           ops=600000    elapsed=  8.055s  TPS=74490
[BENCH] all_desc   REPLACE          ops=600000    elapsed=  9.443s  TPS=63536
[BENCH] all_desc   DELETE           ops=600000    elapsed=  6.818s  TPS=87999

--- variant: mixed ---
[BENCH] mixed      INSERT           ops=600000    elapsed=  7.185s  TPS=83508
[BENCH] mixed      SELECT_RANGE     ops=600000    elapsed=  2.042s  TPS=293893
[BENCH] mixed      SELECT_RANGE_REV  ops=600000    elapsed=  2.351s  TPS=255227
[BENCH] mixed      UPDATE           ops=600000    elapsed=  7.771s  TPS=77208
[BENCH] mixed      REPLACE          ops=600000    elapsed=  8.781s  TPS=68330
[BENCH] mixed      DELETE           ops=600000    elapsed=  7.466s  TPS=80362

[BENCH] DONE
