sort_order benchmark — scale=30  rows=1800000  bench_ops=900000

--- variant: plain ---
[BENCH] plain      INSERT           ops=900000    elapsed= 12.708s  TPS=70821
[BENCH] plain      SELECT_RANGE     ops=900000    elapsed=  3.332s  TPS=270119
[BENCH] plain      SELECT_RANGE_REV  ops=900000    elapsed=  3.997s  TPS=225168
[BENCH] plain      UPDATE           ops=900000    elapsed= 13.930s  TPS=64607
[BENCH] plain      REPLACE          ops=900000    elapsed= 17.168s  TPS=52424
[BENCH] plain      DELETE           ops=900000    elapsed= 11.297s  TPS=79668

--- variant: all_desc ---
[BENCH] all_desc   INSERT           ops=900000    elapsed= 12.467s  TPS=72187
[BENCH] all_desc   SELECT_RANGE     ops=900000    elapsed=  3.291s  TPS=273511
[BENCH] all_desc   SELECT_RANGE_REV  ops=900000    elapsed=  4.186s  TPS=215018
[BENCH] all_desc   UPDATE           ops=900000    elapsed= 13.849s  TPS=64988
[BENCH] all_desc   REPLACE          ops=900000    elapsed= 16.697s  TPS=53900
[BENCH] all_desc   DELETE           ops=900000    elapsed= 11.638s  TPS=77333

--- variant: mixed ---
[BENCH] mixed      INSERT           ops=900000    elapsed= 13.551s  TPS=66416
[BENCH] mixed      SELECT_RANGE     ops=900000    elapsed=  3.430s  TPS=262424
[BENCH] mixed      SELECT_RANGE_REV  ops=900000    elapsed=  4.181s  TPS=215234
[BENCH] mixed      UPDATE           ops=900000    elapsed= 14.885s  TPS=60462
[BENCH] mixed      REPLACE          ops=900000    elapsed= 17.380s  TPS=51784
[BENCH] mixed      DELETE           ops=900000    elapsed= 11.912s  TPS=75552

[BENCH] DONE
