sort_order benchmark — scale=1  rows=60000  bench_ops=30000

--- variant: plain ---
[BENCH] plain      INSERT           ops=30000     elapsed=  0.404s  TPS=74305
[BENCH] plain      SELECT_RANGE     ops=30000     elapsed=  0.104s  TPS=289079
[BENCH] plain      SELECT_RANGE_REV  ops=30000     elapsed=  0.111s  TPS=269349
[BENCH] plain      UPDATE           ops=30000     elapsed=  0.286s  TPS=104800
[BENCH] plain      REPLACE          ops=30000     elapsed=  0.296s  TPS=101327
[BENCH] plain      DELETE           ops=30000     elapsed=  0.264s  TPS=113725

--- variant: all_desc ---
[BENCH] all_desc   INSERT           ops=30000     elapsed=  0.282s  TPS=106486
[BENCH] all_desc   SELECT_RANGE     ops=30000     elapsed=  0.101s  TPS=295635
[BENCH] all_desc   SELECT_RANGE_REV  ops=30000     elapsed=  0.111s  TPS=270716
[BENCH] all_desc   UPDATE           ops=30000     elapsed=  0.370s  TPS=81049
[BENCH] all_desc   REPLACE          ops=30000     elapsed=  0.575s  TPS=52135
[BENCH] all_desc   DELETE           ops=30000     elapsed=  0.295s  TPS=101785

--- variant: mixed ---
[BENCH] mixed      INSERT           ops=30000     elapsed=  0.598s  TPS=50144
[BENCH] mixed      SELECT_RANGE     ops=30000     elapsed=  0.102s  TPS=293439
[BENCH] mixed      SELECT_RANGE_REV  ops=30000     elapsed=  0.123s  TPS=243467
[BENCH] mixed      UPDATE           ops=30000     elapsed=  0.467s  TPS=64280
[BENCH] mixed      REPLACE          ops=30000     elapsed=  0.321s  TPS=93588
[BENCH] mixed      DELETE           ops=30000     elapsed=  0.256s  TPS=117397

[BENCH] DONE
