sort_order benchmark — scale=1  rows=60000  bench_ops=30000

--- variant: plain ---
[BENCH] plain      INSERT           ops=30000     elapsed=  0.466s  TPS=64422
[BENCH] plain      SELECT_RANGE     ops=30000     elapsed=  0.112s  TPS=268560
[BENCH] plain      SELECT_RANGE_REV  ops=30000     elapsed=  0.092s  TPS=326552
[BENCH] plain      UPDATE           ops=30000     elapsed=  0.391s  TPS=76747
[BENCH] plain      REPLACE          ops=30000     elapsed=  0.510s  TPS=58771
[BENCH] plain      DELETE           ops=30000     elapsed=  0.337s  TPS=88925

--- variant: all_desc ---
[BENCH] all_desc   INSERT           ops=30000     elapsed=  0.363s  TPS=82662
[BENCH] all_desc   SELECT_RANGE     ops=30000     elapsed=  0.115s  TPS=261743
[BENCH] all_desc   SELECT_RANGE_REV  ops=30000     elapsed=  0.113s  TPS=264916
[BENCH] all_desc   UPDATE           ops=30000     elapsed=  0.556s  TPS=53962
[BENCH] all_desc   REPLACE          ops=30000     elapsed=  0.419s  TPS=71577
[BENCH] all_desc   DELETE           ops=30000     elapsed=  0.292s  TPS=102666

--- variant: mixed ---
[BENCH] mixed      INSERT           ops=30000     elapsed=  0.382s  TPS=78562
[BENCH] mixed      SELECT_RANGE     ops=30000     elapsed=  0.111s  TPS=271060
[BENCH] mixed      SELECT_RANGE_REV  ops=30000     elapsed=  0.097s  TPS=310433
[BENCH] mixed      UPDATE           ops=30000     elapsed=  0.385s  TPS=77831
[BENCH] mixed      REPLACE          ops=30000     elapsed=  0.463s  TPS=64861
[BENCH] mixed      DELETE           ops=30000     elapsed=  0.299s  TPS=100267

[BENCH] DONE
