sort_order benchmark — scale=5  rows=300000  bench_ops=150000

--- variant: plain ---
[BENCH] plain      INSERT           ops=150000    elapsed=  1.975s  TPS=75959
[BENCH] plain      SELECT_RANGE     ops=150000    elapsed=  0.563s  TPS=266203
[BENCH] plain      SELECT_RANGE_REV  ops=150000    elapsed=  0.544s  TPS=275935
[BENCH] plain      UPDATE           ops=150000    elapsed=  2.136s  TPS=70220
[BENCH] plain      REPLACE          ops=150000    elapsed=  2.424s  TPS=61879
[BENCH] plain      DELETE           ops=150000    elapsed=  1.834s  TPS=81799

--- variant: all_desc ---
[BENCH] all_desc   INSERT           ops=150000    elapsed=  1.918s  TPS=78188
[BENCH] all_desc   SELECT_RANGE     ops=150000    elapsed=  0.535s  TPS=280570
[BENCH] all_desc   SELECT_RANGE_REV  ops=150000    elapsed=  0.535s  TPS=280593
[BENCH] all_desc   UPDATE           ops=150000    elapsed=  2.451s  TPS=61190
[BENCH] all_desc   REPLACE          ops=150000    elapsed=  2.595s  TPS=57806
[BENCH] all_desc   DELETE           ops=150000    elapsed=  1.764s  TPS=85043

--- variant: mixed ---
[BENCH] mixed      INSERT           ops=150000    elapsed=  2.093s  TPS=71659
[BENCH] mixed      SELECT_RANGE     ops=150000    elapsed=  0.563s  TPS=266558
[BENCH] mixed      SELECT_RANGE_REV  ops=150000    elapsed=  0.531s  TPS=282532
[BENCH] mixed      UPDATE           ops=150000    elapsed=  2.092s  TPS=71696
[BENCH] mixed      REPLACE          ops=150000    elapsed=  2.421s  TPS=61951
[BENCH] mixed      DELETE           ops=150000    elapsed=  1.811s  TPS=82822

[BENCH] DONE
