sort_order benchmark — scale=10  rows=600000  bench_ops=300000

--- variant: plain ---
[BENCH] plain      INSERT           ops=300000    elapsed=  3.758s  TPS=79827
[BENCH] plain      SELECT_RANGE     ops=300000    elapsed=  1.053s  TPS=284847
[BENCH] plain      SELECT_RANGE_REV  ops=300000    elapsed=  1.041s  TPS=288060
[BENCH] plain      UPDATE           ops=300000    elapsed=  4.309s  TPS=69628
[BENCH] plain      REPLACE          ops=300000    elapsed=  4.792s  TPS=62607
[BENCH] plain      DELETE           ops=300000    elapsed=  3.403s  TPS=88167

--- variant: all_desc ---
[BENCH] all_desc   INSERT           ops=300000    elapsed=  3.808s  TPS=78779
[BENCH] all_desc   SELECT_RANGE     ops=300000    elapsed=  1.076s  TPS=278751
[BENCH] all_desc   SELECT_RANGE_REV  ops=300000    elapsed=  1.100s  TPS=272729
[BENCH] all_desc   UPDATE           ops=300000    elapsed=  3.714s  TPS=80775
[BENCH] all_desc   REPLACE          ops=300000    elapsed=  4.491s  TPS=66803
[BENCH] all_desc   DELETE           ops=300000    elapsed=  3.474s  TPS=86344

--- variant: mixed ---
[BENCH] mixed      INSERT           ops=300000    elapsed=  4.118s  TPS=72846
[BENCH] mixed      SELECT_RANGE     ops=300000    elapsed=  1.090s  TPS=275266
[BENCH] mixed      SELECT_RANGE_REV  ops=300000    elapsed=  1.044s  TPS=287265
[BENCH] mixed      UPDATE           ops=300000    elapsed=  3.835s  TPS=78231
[BENCH] mixed      REPLACE          ops=300000    elapsed=  4.867s  TPS=61643
[BENCH] mixed      DELETE           ops=300000    elapsed=  3.688s  TPS=81340

[BENCH] DONE
