sort_order benchmark — scale=1  rows=60000  bench_ops=30000

--- variant: plain ---
[BENCH] plain      INSERT           ops=30000     elapsed=  0.340s  TPS=88206
[BENCH] plain      SELECT_RANGE     ops=30000     elapsed=  0.113s  TPS=264726
[BENCH] plain      SELECT_RANGE_REV  ops=30000     elapsed=  0.107s  TPS=280122
[BENCH] plain      UPDATE           ops=30000     elapsed=  0.370s  TPS=81068
[BENCH] plain      REPLACE          ops=30000     elapsed=  0.369s  TPS=81243
[BENCH] plain      DELETE           ops=30000     elapsed=  0.327s  TPS=91879

--- variant: all_desc ---
[BENCH] all_desc   INSERT           ops=30000     elapsed=  0.359s  TPS=83576
[BENCH] all_desc   SELECT_RANGE     ops=30000     elapsed=  0.115s  TPS=261587
[BENCH] all_desc   SELECT_RANGE_REV  ops=30000     elapsed=  0.109s  TPS=274690
[BENCH] all_desc   UPDATE           ops=30000     elapsed=  0.403s  TPS=74394
[BENCH] all_desc   REPLACE          ops=30000     elapsed=  0.365s  TPS=82097
[BENCH] all_desc   DELETE           ops=30000     elapsed=  0.322s  TPS=93035

--- variant: mixed ---
[BENCH] mixed      INSERT           ops=30000     elapsed=  0.427s  TPS=70187
[BENCH] mixed      SELECT_RANGE     ops=30000     elapsed=  0.114s  TPS=264005
[BENCH] mixed      SELECT_RANGE_REV  ops=30000     elapsed=  0.104s  TPS=289693
[BENCH] mixed      UPDATE           ops=30000     elapsed=  0.457s  TPS=65636
[BENCH] mixed      REPLACE          ops=30000     elapsed=  0.327s  TPS=91806
[BENCH] mixed      DELETE           ops=30000     elapsed=  0.332s  TPS=90269

[BENCH] DONE
