sort_order benchmark — scale=20  rows=1200000  bench_ops=600000

--- variant: plain ---
[BENCH] plain      INSERT           ops=600000    elapsed=  7.783s  TPS=77092
[BENCH] plain      SELECT_RANGE     ops=600000    elapsed=  2.117s  TPS=283419
[BENCH] plain      SELECT_RANGE_REV  ops=600000    elapsed=  2.326s  TPS=257938
[BENCH] plain      UPDATE           ops=600000    elapsed=  8.519s  TPS=70431
[BENCH] plain      REPLACE          ops=600000    elapsed=  9.809s  TPS=61169
[BENCH] plain      DELETE           ops=600000    elapsed=  7.691s  TPS=78015

--- variant: all_desc ---
[BENCH] all_desc   INSERT           ops=600000    elapsed=  7.820s  TPS=76729
[BENCH] all_desc   SELECT_RANGE     ops=600000    elapsed=  2.174s  TPS=276046
[BENCH] all_desc   SELECT_RANGE_REV  ops=600000    elapsed=  2.465s  TPS=243416
[BENCH] all_desc   UPDATE           ops=600000    elapsed=  8.810s  TPS=68103
[BENCH] all_desc   REPLACE          ops=600000    elapsed= 10.977s  TPS=54661
[BENCH] all_desc   DELETE           ops=600000    elapsed=  7.633s  TPS=78605

--- variant: mixed ---
[BENCH] mixed      INSERT           ops=600000    elapsed=  8.457s  TPS=70944
[BENCH] mixed      SELECT_RANGE     ops=600000    elapsed=  2.191s  TPS=273836
[BENCH] mixed      SELECT_RANGE_REV  ops=600000    elapsed=  2.534s  TPS=236818
[BENCH] mixed      UPDATE           ops=600000    elapsed=  8.581s  TPS=69918
[BENCH] mixed      REPLACE          ops=600000    elapsed= 10.272s  TPS=58409
[BENCH] mixed      DELETE           ops=600000    elapsed=  7.200s  TPS=83334

[BENCH] DONE
