sort_order benchmark — scale=1  rows=60000  bench_ops=30000

--- variant: plain ---
[BENCH] plain      INSERT           ops=30000     elapsed=  0.413s  TPS=72586
[BENCH] plain      SELECT_RANGE     ops=30000     elapsed=  0.110s  TPS=272997
[BENCH] plain      SELECT_RANGE_REV  ops=30000     elapsed=  0.105s  TPS=284972
[BENCH] plain      UPDATE           ops=30000     elapsed=  0.410s  TPS=73197
[BENCH] plain      REPLACE          ops=30000     elapsed=  0.388s  TPS=77337
[BENCH] plain      DELETE           ops=30000     elapsed=  0.285s  TPS=105137

--- variant: all_desc ---
[BENCH] all_desc   INSERT           ops=30000     elapsed=  0.327s  TPS=91673
[BENCH] all_desc   SELECT_RANGE     ops=30000     elapsed=  0.110s  TPS=272846
[BENCH] all_desc   SELECT_RANGE_REV  ops=30000     elapsed=  0.102s  TPS=295539
[BENCH] all_desc   UPDATE           ops=30000     elapsed=  0.341s  TPS=87923
[BENCH] all_desc   REPLACE          ops=30000     elapsed=  0.448s  TPS=66980
[BENCH] all_desc   DELETE           ops=30000     elapsed=  0.362s  TPS=82908

--- variant: mixed ---
[BENCH] mixed      INSERT           ops=30000     elapsed=  0.429s  TPS=69992
[BENCH] mixed      SELECT_RANGE     ops=30000     elapsed=  0.109s  TPS=274536
[BENCH] mixed      SELECT_RANGE_REV  ops=30000     elapsed=  0.101s  TPS=295611
[BENCH] mixed      UPDATE           ops=30000     elapsed=  0.331s  TPS=90728
[BENCH] mixed      REPLACE          ops=30000     elapsed=  0.383s  TPS=78293
[BENCH] mixed      DELETE           ops=30000     elapsed=  0.298s  TPS=100834

[BENCH] DONE
