sort_order benchmark — scale=30  rows=1800000  bench_ops=900000

--- variant: plain ---
[BENCH] plain      INSERT           ops=900000    elapsed= 13.090s  TPS=68757
[BENCH] plain      SELECT_RANGE     ops=900000    elapsed=  3.288s  TPS=273724
[BENCH] plain      SELECT_RANGE_REV  ops=900000    elapsed=  3.967s  TPS=226847
[BENCH] plain      UPDATE           ops=900000    elapsed= 14.170s  TPS=63513
[BENCH] plain      REPLACE          ops=900000    elapsed= 16.650s  TPS=54053
[BENCH] plain      DELETE           ops=900000    elapsed= 11.156s  TPS=80677

--- variant: all_desc ---
[BENCH] all_desc   INSERT           ops=900000    elapsed= 12.226s  TPS=73612
[BENCH] all_desc   SELECT_RANGE     ops=900000    elapsed=  3.342s  TPS=269266
[BENCH] all_desc   SELECT_RANGE_REV  ops=900000    elapsed=  4.104s  TPS=219314
[BENCH] all_desc   UPDATE           ops=900000    elapsed= 14.475s  TPS=62176
[BENCH] all_desc   REPLACE          ops=900000    elapsed= 17.041s  TPS=52812
[BENCH] all_desc   DELETE           ops=900000    elapsed= 11.785s  TPS=76366

--- variant: mixed ---
[BENCH] mixed      INSERT           ops=900000    elapsed= 13.655s  TPS=65910
[BENCH] mixed      SELECT_RANGE     ops=900000    elapsed=  3.401s  TPS=264589
[BENCH] mixed      SELECT_RANGE_REV  ops=900000    elapsed=  4.275s  TPS=210509
[BENCH] mixed      UPDATE           ops=900000    elapsed= 14.610s  TPS=61601
[BENCH] mixed      REPLACE          ops=900000    elapsed= 15.901s  TPS=56599
[BENCH] mixed      DELETE           ops=900000    elapsed= 10.760s  TPS=83641

[BENCH] DONE
