sort_order benchmark — scale=30  rows=1800000  bench_ops=900000

--- variant: plain ---
[BENCH] plain      INSERT           ops=900000    elapsed= 12.025s  TPS=74841
[BENCH] plain      SELECT_RANGE     ops=900000    elapsed=  3.229s  TPS=278717
[BENCH] plain      SELECT_RANGE_REV  ops=900000    elapsed=  3.831s  TPS=234921
[BENCH] plain      UPDATE           ops=900000    elapsed= 13.697s  TPS=65708
[BENCH] plain      REPLACE          ops=900000    elapsed= 16.432s  TPS=54772
[BENCH] plain      DELETE           ops=900000    elapsed= 11.060s  TPS=81375

--- variant: all_desc ---
[BENCH] all_desc   INSERT           ops=900000    elapsed= 11.793s  TPS=76318
[BENCH] all_desc   SELECT_RANGE     ops=900000    elapsed=  3.224s  TPS=279159
[BENCH] all_desc   SELECT_RANGE_REV  ops=900000    elapsed=  3.970s  TPS=226723
[BENCH] all_desc   UPDATE           ops=900000    elapsed= 13.016s  TPS=69144
[BENCH] all_desc   REPLACE          ops=900000    elapsed= 17.722s  TPS=50783
[BENCH] all_desc   DELETE           ops=900000    elapsed= 11.808s  TPS=76220

--- variant: mixed ---
[BENCH] mixed      INSERT           ops=900000    elapsed= 13.920s  TPS=64655
[BENCH] mixed      SELECT_RANGE     ops=900000    elapsed=  3.266s  TPS=275547
[BENCH] mixed      SELECT_RANGE_REV  ops=900000    elapsed=  4.164s  TPS=216141
[BENCH] mixed      UPDATE           ops=900000    elapsed= 14.486s  TPS=62130
[BENCH] mixed      REPLACE          ops=900000    elapsed= 17.234s  TPS=52223
[BENCH] mixed      DELETE           ops=900000    elapsed= 11.205s  TPS=80318

[BENCH] DONE
