sort_order benchmark — scale=30  rows=1800000  bench_ops=900000

--- variant: plain ---
[BENCH] plain      INSERT           ops=900000    elapsed= 13.526s  TPS=66538
[BENCH] plain      SELECT_RANGE     ops=900000    elapsed=  3.281s  TPS=274300
[BENCH] plain      SELECT_RANGE_REV  ops=900000    elapsed=  3.254s  TPS=276591
[BENCH] plain      UPDATE           ops=900000    elapsed= 14.877s  TPS=60497
[BENCH] plain      REPLACE          ops=900000    elapsed= 17.007s  TPS=52918
[BENCH] plain      DELETE           ops=900000    elapsed= 11.629s  TPS=77394

--- variant: all_desc ---
[BENCH] all_desc   INSERT           ops=900000    elapsed= 14.648s  TPS=61443
[BENCH] all_desc   SELECT_RANGE     ops=900000    elapsed=  3.344s  TPS=269161
[BENCH] all_desc   SELECT_RANGE_REV  ops=900000    elapsed=  3.267s  TPS=275460
[BENCH] all_desc   UPDATE           ops=900000    elapsed= 15.804s  TPS=56949
[BENCH] all_desc   REPLACE          ops=900000    elapsed= 17.833s  TPS=50468
[BENCH] all_desc   DELETE           ops=900000    elapsed= 12.235s  TPS=73561

--- variant: mixed ---
[BENCH] mixed      INSERT           ops=900000    elapsed= 14.031s  TPS=64142
[BENCH] mixed      SELECT_RANGE     ops=900000    elapsed=  3.274s  TPS=274933
[BENCH] mixed      SELECT_RANGE_REV  ops=900000    elapsed=  3.268s  TPS=275430
[BENCH] mixed      UPDATE           ops=900000    elapsed= 14.960s  TPS=60162
[BENCH] mixed      REPLACE          ops=900000    elapsed= 17.736s  TPS=50743
[BENCH] mixed      DELETE           ops=900000    elapsed= 12.390s  TPS=72641

[BENCH] DONE
