sort_order benchmark — scale=1  rows=60000  bench_ops=30000

--- variant: plain ---
[BENCH] plain      INSERT           ops=30000     elapsed=  0.302s  TPS=99374
[BENCH] plain      SELECT_RANGE     ops=30000     elapsed=  0.109s  TPS=275566
[BENCH] plain      SELECT_RANGE_REV  ops=30000     elapsed=  0.102s  TPS=295021
[BENCH] plain      UPDATE           ops=30000     elapsed=  0.413s  TPS=72706
[BENCH] plain      REPLACE          ops=30000     elapsed=  0.371s  TPS=80855
[BENCH] plain      DELETE           ops=30000     elapsed=  0.372s  TPS=80661

--- variant: all_desc ---
[BENCH] all_desc   INSERT           ops=30000     elapsed=  0.376s  TPS=79859
[BENCH] all_desc   SELECT_RANGE     ops=30000     elapsed=  0.112s  TPS=267311
[BENCH] all_desc   SELECT_RANGE_REV  ops=30000     elapsed=  0.101s  TPS=295821
[BENCH] all_desc   UPDATE           ops=30000     elapsed=  0.527s  TPS=56976
[BENCH] all_desc   REPLACE          ops=30000     elapsed=  0.487s  TPS=61574
[BENCH] all_desc   DELETE           ops=30000     elapsed=  0.313s  TPS=95916

--- variant: mixed ---
[BENCH] mixed      INSERT           ops=30000     elapsed=  0.328s  TPS=91544
[BENCH] mixed      SELECT_RANGE     ops=30000     elapsed=  0.098s  TPS=306649
[BENCH] mixed      SELECT_RANGE_REV  ops=30000     elapsed=  0.098s  TPS=305422
[BENCH] mixed      UPDATE           ops=30000     elapsed=  0.355s  TPS=84489
[BENCH] mixed      REPLACE          ops=30000     elapsed=  0.383s  TPS=78227
[BENCH] mixed      DELETE           ops=30000     elapsed=  0.308s  TPS=97247

[BENCH] DONE
