sort_order benchmark — scale=1  rows=60000  bench_ops=30000

--- variant: plain ---
[BENCH] plain      INSERT           ops=30000     elapsed=  0.433s  TPS=69279
[BENCH] plain      SELECT_RANGE     ops=30000     elapsed=  0.109s  TPS=276103
[BENCH] plain      SELECT_RANGE_REV  ops=30000     elapsed=  0.093s  TPS=321724
[BENCH] plain      UPDATE           ops=30000     elapsed=  0.491s  TPS=61160
[BENCH] plain      REPLACE          ops=30000     elapsed=  0.426s  TPS=70350
[BENCH] plain      DELETE           ops=30000     elapsed=  0.348s  TPS=86274

--- variant: all_desc ---
[BENCH] all_desc   INSERT           ops=30000     elapsed=  0.364s  TPS=82432
[BENCH] all_desc   SELECT_RANGE     ops=30000     elapsed=  0.111s  TPS=270245
[BENCH] all_desc   SELECT_RANGE_REV  ops=30000     elapsed=  0.103s  TPS=290398
[BENCH] all_desc   UPDATE           ops=30000     elapsed=  0.396s  TPS=75719
[BENCH] all_desc   REPLACE          ops=30000     elapsed=  0.425s  TPS=70518
[BENCH] all_desc   DELETE           ops=30000     elapsed=  0.345s  TPS=86990

--- variant: mixed ---
[BENCH] mixed      INSERT           ops=30000     elapsed=  0.305s  TPS=98221
[BENCH] mixed      SELECT_RANGE     ops=30000     elapsed=  0.118s  TPS=253555
[BENCH] mixed      SELECT_RANGE_REV  ops=30000     elapsed=  0.103s  TPS=291765
[BENCH] mixed      UPDATE           ops=30000     elapsed=  0.330s  TPS=91019
[BENCH] mixed      REPLACE          ops=30000     elapsed=  0.323s  TPS=92971
[BENCH] mixed      DELETE           ops=30000     elapsed=  0.346s  TPS=86619

[BENCH] DONE
