sort_order benchmark — scale=5  rows=300000  bench_ops=150000

--- variant: plain ---
[BENCH] plain      INSERT           ops=150000    elapsed=  2.164s  TPS=69312
[BENCH] plain      SELECT_RANGE     ops=150000    elapsed=  0.540s  TPS=277609
[BENCH] plain      SELECT_RANGE_REV  ops=150000    elapsed=  0.524s  TPS=286164
[BENCH] plain      UPDATE           ops=150000    elapsed=  2.076s  TPS=72237
[BENCH] plain      REPLACE          ops=150000    elapsed=  2.392s  TPS=62700
[BENCH] plain      DELETE           ops=150000    elapsed=  1.836s  TPS=81693

--- variant: all_desc ---
[BENCH] all_desc   INSERT           ops=150000    elapsed=  1.894s  TPS=79188
[BENCH] all_desc   SELECT_RANGE     ops=150000    elapsed=  0.535s  TPS=280245
[BENCH] all_desc   SELECT_RANGE_REV  ops=150000    elapsed=  0.506s  TPS=296499
[BENCH] all_desc   UPDATE           ops=150000    elapsed=  1.988s  TPS=75470
[BENCH] all_desc   REPLACE          ops=150000    elapsed=  2.323s  TPS=64567
[BENCH] all_desc   DELETE           ops=150000    elapsed=  1.815s  TPS=82632

--- variant: mixed ---
[BENCH] mixed      INSERT           ops=150000    elapsed=  2.039s  TPS=73563
[BENCH] mixed      SELECT_RANGE     ops=150000    elapsed=  0.539s  TPS=278497
[BENCH] mixed      SELECT_RANGE_REV  ops=150000    elapsed=  0.510s  TPS=294339
[BENCH] mixed      UPDATE           ops=150000    elapsed=  2.203s  TPS=68088
[BENCH] mixed      REPLACE          ops=150000    elapsed=  2.624s  TPS=57156
[BENCH] mixed      DELETE           ops=150000    elapsed=  1.859s  TPS=80703

[BENCH] DONE
