sort_order benchmark — scale=30  rows=1800000  bench_ops=900000

--- variant: plain ---
[BENCH] plain      INSERT           ops=900000    elapsed= 10.640s  TPS=84590
[BENCH] plain      SELECT_RANGE     ops=900000    elapsed=  3.166s  TPS=284295
[BENCH] plain      SELECT_RANGE_REV  ops=900000    elapsed=  3.676s  TPS=244809
[BENCH] plain      UPDATE           ops=900000    elapsed= 11.492s  TPS=78315
[BENCH] plain      REPLACE          ops=900000    elapsed= 13.964s  TPS=64452
[BENCH] plain      DELETE           ops=900000    elapsed= 10.682s  TPS=84256

--- variant: all_desc ---
[BENCH] all_desc   INSERT           ops=900000    elapsed= 11.308s  TPS=79587
[BENCH] all_desc   SELECT_RANGE     ops=900000    elapsed=  3.152s  TPS=285522
[BENCH] all_desc   SELECT_RANGE_REV  ops=900000    elapsed=  3.812s  TPS=236109
[BENCH] all_desc   UPDATE           ops=900000    elapsed= 11.652s  TPS=77238
[BENCH] all_desc   REPLACE          ops=900000    elapsed= 15.775s  TPS=57052
[BENCH] all_desc   DELETE           ops=900000    elapsed= 10.305s  TPS=87339

--- variant: mixed ---
[BENCH] mixed      INSERT           ops=900000    elapsed= 11.388s  TPS=79028
[BENCH] mixed      SELECT_RANGE     ops=900000    elapsed=  3.091s  TPS=291189
[BENCH] mixed      SELECT_RANGE_REV  ops=900000    elapsed=  3.913s  TPS=230005
[BENCH] mixed      UPDATE           ops=900000    elapsed= 12.213s  TPS=73689
[BENCH] mixed      REPLACE          ops=900000    elapsed= 14.141s  TPS=63643
[BENCH] mixed      DELETE           ops=900000    elapsed= 10.455s  TPS=86083

[BENCH] DONE
