sort_order benchmark — scale=30  rows=1800000  bench_ops=900000

--- variant: plain ---
[BENCH] plain      INSERT           ops=900000    elapsed= 10.993s  TPS=81871
[BENCH] plain      SELECT_RANGE     ops=900000    elapsed=  3.186s  TPS=282471
[BENCH] plain      SELECT_RANGE_REV  ops=900000    elapsed=  3.839s  TPS=234456
[BENCH] plain      UPDATE           ops=900000    elapsed= 12.221s  TPS=73643
[BENCH] plain      REPLACE          ops=900000    elapsed= 14.975s  TPS=60099
[BENCH] plain      DELETE           ops=900000    elapsed=  9.854s  TPS=91329

--- variant: all_desc ---
[BENCH] all_desc   INSERT           ops=900000    elapsed= 10.825s  TPS=83143
[BENCH] all_desc   SELECT_RANGE     ops=900000    elapsed=  3.152s  TPS=285568
[BENCH] all_desc   SELECT_RANGE_REV  ops=900000    elapsed=  3.853s  TPS=233592
[BENCH] all_desc   UPDATE           ops=900000    elapsed= 13.074s  TPS=68838
[BENCH] all_desc   REPLACE          ops=900000    elapsed= 14.917s  TPS=60333
[BENCH] all_desc   DELETE           ops=900000    elapsed= 10.157s  TPS=88608

--- variant: mixed ---
[BENCH] mixed      INSERT           ops=900000    elapsed= 11.275s  TPS=79825
[BENCH] mixed      SELECT_RANGE     ops=900000    elapsed=  3.149s  TPS=285840
[BENCH] mixed      SELECT_RANGE_REV  ops=900000    elapsed=  3.728s  TPS=241409
[BENCH] mixed      UPDATE           ops=900000    elapsed= 12.878s  TPS=69885
[BENCH] mixed      REPLACE          ops=900000    elapsed= 15.007s  TPS=59973
[BENCH] mixed      DELETE           ops=900000    elapsed= 10.595s  TPS=84944

[BENCH] DONE
