sort_order benchmark — scale=5  rows=300000  bench_ops=150000

--- variant: plain ---
[BENCH] plain      INSERT           ops=150000    elapsed=  2.140s  TPS=70099
[BENCH] plain      SELECT_RANGE     ops=150000    elapsed=  0.538s  TPS=279054
[BENCH] plain      SELECT_RANGE_REV  ops=150000    elapsed=  0.504s  TPS=297899
[BENCH] plain      UPDATE           ops=150000    elapsed=  1.898s  TPS=79031
[BENCH] plain      REPLACE          ops=150000    elapsed=  1.978s  TPS=75846
[BENCH] plain      DELETE           ops=150000    elapsed=  1.796s  TPS=83517

--- variant: all_desc ---
[BENCH] all_desc   INSERT           ops=150000    elapsed=  1.803s  TPS=83196
[BENCH] all_desc   SELECT_RANGE     ops=150000    elapsed=  0.549s  TPS=273253
[BENCH] all_desc   SELECT_RANGE_REV  ops=150000    elapsed=  0.542s  TPS=276877
[BENCH] all_desc   UPDATE           ops=150000    elapsed=  1.924s  TPS=77948
[BENCH] all_desc   REPLACE          ops=150000    elapsed=  1.946s  TPS=77066
[BENCH] all_desc   DELETE           ops=150000    elapsed=  1.781s  TPS=84224

--- variant: mixed ---
[BENCH] mixed      INSERT           ops=150000    elapsed=  1.849s  TPS=81106
[BENCH] mixed      SELECT_RANGE     ops=150000    elapsed=  0.555s  TPS=270038
[BENCH] mixed      SELECT_RANGE_REV  ops=150000    elapsed=  0.536s  TPS=279869
[BENCH] mixed      UPDATE           ops=150000    elapsed=  2.214s  TPS=67752
[BENCH] mixed      REPLACE          ops=150000    elapsed=  2.152s  TPS=69690
[BENCH] mixed      DELETE           ops=150000    elapsed=  1.626s  TPS=92228

[BENCH] DONE
