sort_order benchmark — scale=20  rows=1200000  bench_ops=600000

--- variant: plain ---
[BENCH] plain      INSERT           ops=600000    elapsed=  7.338s  TPS=81763
[BENCH] plain      SELECT_RANGE     ops=600000    elapsed=  2.101s  TPS=285571
[BENCH] plain      SELECT_RANGE_REV  ops=600000    elapsed=  2.233s  TPS=268697
[BENCH] plain      UPDATE           ops=600000    elapsed=  8.274s  TPS=72515
[BENCH] plain      REPLACE          ops=600000    elapsed=  8.515s  TPS=70464
[BENCH] plain      DELETE           ops=600000    elapsed=  6.995s  TPS=85778

--- variant: all_desc ---
[BENCH] all_desc   INSERT           ops=600000    elapsed=  7.683s  TPS=78090
[BENCH] all_desc   SELECT_RANGE     ops=600000    elapsed=  2.061s  TPS=291190
[BENCH] all_desc   SELECT_RANGE_REV  ops=600000    elapsed=  2.317s  TPS=258928
[BENCH] all_desc   UPDATE           ops=600000    elapsed=  8.390s  TPS=71511
[BENCH] all_desc   REPLACE          ops=600000    elapsed=  9.370s  TPS=64031
[BENCH] all_desc   DELETE           ops=600000    elapsed=  7.757s  TPS=77345

--- variant: mixed ---
[BENCH] mixed      INSERT           ops=600000    elapsed=  7.653s  TPS=78399
[BENCH] mixed      SELECT_RANGE     ops=600000    elapsed=  2.106s  TPS=284923
[BENCH] mixed      SELECT_RANGE_REV  ops=600000    elapsed=  2.361s  TPS=254160
[BENCH] mixed      UPDATE           ops=600000    elapsed=  8.014s  TPS=74866
[BENCH] mixed      REPLACE          ops=600000    elapsed=  9.838s  TPS=60987
[BENCH] mixed      DELETE           ops=600000    elapsed=  6.608s  TPS=90798

[BENCH] DONE
