sort_order benchmark — scale=1  rows=60000  bench_ops=30000

--- variant: plain ---
[BENCH] plain      INSERT           ops=30000     elapsed=  0.307s  TPS=97826
[BENCH] plain      SELECT_RANGE     ops=30000     elapsed=  0.101s  TPS=297419
[BENCH] plain      SELECT_RANGE_REV  ops=30000     elapsed=  0.094s  TPS=318203
[BENCH] plain      UPDATE           ops=30000     elapsed=  0.507s  TPS=59161
[BENCH] plain      REPLACE          ops=30000     elapsed=  0.365s  TPS=82216
[BENCH] plain      DELETE           ops=30000     elapsed=  0.339s  TPS=88411

--- variant: all_desc ---
[BENCH] all_desc   INSERT           ops=30000     elapsed=  0.341s  TPS=88072
[BENCH] all_desc   SELECT_RANGE     ops=30000     elapsed=  0.106s  TPS=283189
[BENCH] all_desc   SELECT_RANGE_REV  ops=30000     elapsed=  0.097s  TPS=308021
[BENCH] all_desc   UPDATE           ops=30000     elapsed=  0.325s  TPS=92199
[BENCH] all_desc   REPLACE          ops=30000     elapsed=  0.385s  TPS=77979
[BENCH] all_desc   DELETE           ops=30000     elapsed=  0.338s  TPS=88653

--- variant: mixed ---
[BENCH] mixed      INSERT           ops=30000     elapsed=  0.296s  TPS=101296
[BENCH] mixed      SELECT_RANGE     ops=30000     elapsed=  0.102s  TPS=294709
[BENCH] mixed      SELECT_RANGE_REV  ops=30000     elapsed=  0.103s  TPS=290606
[BENCH] mixed      UPDATE           ops=30000     elapsed=  0.416s  TPS=72099
[BENCH] mixed      REPLACE          ops=30000     elapsed=  0.379s  TPS=79109
[BENCH] mixed      DELETE           ops=30000     elapsed=  0.283s  TPS=105822

[BENCH] DONE
