sort_order benchmark — scale=5  rows=300000  bench_ops=150000

--- variant: plain ---
[BENCH] plain      INSERT           ops=150000    elapsed=  2.074s  TPS=72324
[BENCH] plain      SELECT_RANGE     ops=150000    elapsed=  0.527s  TPS=284745
[BENCH] plain      SELECT_RANGE_REV  ops=150000    elapsed=  0.498s  TPS=301413
[BENCH] plain      UPDATE           ops=150000    elapsed=  2.137s  TPS=70202
[BENCH] plain      REPLACE          ops=150000    elapsed=  2.226s  TPS=67370
[BENCH] plain      DELETE           ops=150000    elapsed=  1.704s  TPS=88010

--- variant: all_desc ---
[BENCH] all_desc   INSERT           ops=150000    elapsed=  2.072s  TPS=72381
[BENCH] all_desc   SELECT_RANGE     ops=150000    elapsed=  0.515s  TPS=291354
[BENCH] all_desc   SELECT_RANGE_REV  ops=150000    elapsed=  0.498s  TPS=301300
[BENCH] all_desc   UPDATE           ops=150000    elapsed=  1.949s  TPS=76976
[BENCH] all_desc   REPLACE          ops=150000    elapsed=  2.201s  TPS=68154
[BENCH] all_desc   DELETE           ops=150000    elapsed=  1.603s  TPS=93600

--- variant: mixed ---
[BENCH] mixed      INSERT           ops=150000    elapsed=  1.792s  TPS=83726
[BENCH] mixed      SELECT_RANGE     ops=150000    elapsed=  0.523s  TPS=286983
[BENCH] mixed      SELECT_RANGE_REV  ops=150000    elapsed=  0.502s  TPS=298531
[BENCH] mixed      UPDATE           ops=150000    elapsed=  1.933s  TPS=77602
[BENCH] mixed      REPLACE          ops=150000    elapsed=  1.990s  TPS=75388
[BENCH] mixed      DELETE           ops=150000    elapsed=  1.712s  TPS=87623

[BENCH] DONE
