sort_order benchmark — scale=1  rows=60000  bench_ops=30000

--- variant: plain ---
[BENCH] plain      INSERT           ops=30000     elapsed=  0.311s  TPS=96529
[BENCH] plain      SELECT_RANGE     ops=30000     elapsed=  0.101s  TPS=296198
[BENCH] plain      SELECT_RANGE_REV  ops=30000     elapsed=  0.098s  TPS=307652
[BENCH] plain      UPDATE           ops=30000     elapsed=  0.380s  TPS=79003
[BENCH] plain      REPLACE          ops=30000     elapsed=  0.529s  TPS=56687
[BENCH] plain      DELETE           ops=30000     elapsed=  0.274s  TPS=109504

--- variant: all_desc ---
[BENCH] all_desc   INSERT           ops=30000     elapsed=  0.450s  TPS=66607
[BENCH] all_desc   SELECT_RANGE     ops=30000     elapsed=  0.107s  TPS=280808
[BENCH] all_desc   SELECT_RANGE_REV  ops=30000     elapsed=  0.097s  TPS=308952
[BENCH] all_desc   UPDATE           ops=30000     elapsed=  0.392s  TPS=76612
[BENCH] all_desc   REPLACE          ops=30000     elapsed=  0.328s  TPS=91427
[BENCH] all_desc   DELETE           ops=30000     elapsed=  0.292s  TPS=102600

--- variant: mixed ---
[BENCH] mixed      INSERT           ops=30000     elapsed=  0.346s  TPS=86783
[BENCH] mixed      SELECT_RANGE     ops=30000     elapsed=  0.099s  TPS=304093
[BENCH] mixed      SELECT_RANGE_REV  ops=30000     elapsed=  0.100s  TPS=300940
[BENCH] mixed      UPDATE           ops=30000     elapsed=  0.415s  TPS=72280
[BENCH] mixed      REPLACE          ops=30000     elapsed=  0.838s  TPS=35807
[BENCH] mixed      DELETE           ops=30000     elapsed=  0.383s  TPS=78264

[BENCH] DONE
