sort_order benchmark — scale=20  rows=1200000  bench_ops=600000

--- variant: plain ---
[BENCH] plain      INSERT           ops=600000    elapsed=  7.632s  TPS=78621
[BENCH] plain      SELECT_RANGE     ops=600000    elapsed=  2.055s  TPS=291945
[BENCH] plain      SELECT_RANGE_REV  ops=600000    elapsed=  2.014s  TPS=297930
[BENCH] plain      UPDATE           ops=600000    elapsed=  8.299s  TPS=72299
[BENCH] plain      REPLACE          ops=600000    elapsed=  8.952s  TPS=67021
[BENCH] plain      DELETE           ops=600000    elapsed=  6.890s  TPS=87076

--- variant: all_desc ---
[BENCH] all_desc   INSERT           ops=600000    elapsed=  6.974s  TPS=86036
[BENCH] all_desc   SELECT_RANGE     ops=600000    elapsed=  2.099s  TPS=285825
[BENCH] all_desc   SELECT_RANGE_REV  ops=600000    elapsed=  2.058s  TPS=291597
[BENCH] all_desc   UPDATE           ops=600000    elapsed=  8.625s  TPS=69561
[BENCH] all_desc   REPLACE          ops=600000    elapsed=  9.341s  TPS=64231
[BENCH] all_desc   DELETE           ops=600000    elapsed=  7.085s  TPS=84684

--- variant: mixed ---
[BENCH] mixed      INSERT           ops=600000    elapsed=  6.589s  TPS=91058
[BENCH] mixed      SELECT_RANGE     ops=600000    elapsed=  2.102s  TPS=285449
[BENCH] mixed      SELECT_RANGE_REV  ops=600000    elapsed=  2.043s  TPS=293659
[BENCH] mixed      UPDATE           ops=600000    elapsed=  8.402s  TPS=71411
[BENCH] mixed      REPLACE          ops=600000    elapsed=  9.440s  TPS=63558
[BENCH] mixed      DELETE           ops=600000    elapsed=  6.847s  TPS=87634

[BENCH] DONE
