sort_order benchmark — scale=20  rows=1200000  bench_ops=600000

--- variant: plain ---
[BENCH] plain      INSERT           ops=600000    elapsed=  7.705s  TPS=77873
[BENCH] plain      SELECT_RANGE     ops=600000    elapsed=  2.047s  TPS=293075
[BENCH] plain      SELECT_RANGE_REV  ops=600000    elapsed=  2.224s  TPS=269826
[BENCH] plain      UPDATE           ops=600000    elapsed=  8.021s  TPS=74801
[BENCH] plain      REPLACE          ops=600000    elapsed=  8.579s  TPS=69940
[BENCH] plain      DELETE           ops=600000    elapsed=  7.273s  TPS=82500

--- variant: all_desc ---
[BENCH] all_desc   INSERT           ops=600000    elapsed=  7.753s  TPS=77385
[BENCH] all_desc   SELECT_RANGE     ops=600000    elapsed=  2.101s  TPS=285605
[BENCH] all_desc   SELECT_RANGE_REV  ops=600000    elapsed=  2.236s  TPS=268393
[BENCH] all_desc   UPDATE           ops=600000    elapsed=  8.401s  TPS=71420
[BENCH] all_desc   REPLACE          ops=600000    elapsed=  8.396s  TPS=71459
[BENCH] all_desc   DELETE           ops=600000    elapsed=  6.597s  TPS=90945

--- variant: mixed ---
[BENCH] mixed      INSERT           ops=600000    elapsed=  7.275s  TPS=82474
[BENCH] mixed      SELECT_RANGE     ops=600000    elapsed=  2.119s  TPS=283155
[BENCH] mixed      SELECT_RANGE_REV  ops=600000    elapsed=  2.297s  TPS=261166
[BENCH] mixed      UPDATE           ops=600000    elapsed=  8.329s  TPS=72034
[BENCH] mixed      REPLACE          ops=600000    elapsed=  9.081s  TPS=66073
[BENCH] mixed      DELETE           ops=600000    elapsed=  7.119s  TPS=84280

[BENCH] DONE
