sort_order benchmark — scale=5  rows=300000  bench_ops=150000

--- variant: plain ---
[BENCH] plain      INSERT           ops=150000    elapsed=  1.832s  TPS=81868
[BENCH] plain      SELECT_RANGE     ops=150000    elapsed=  0.549s  TPS=273445
[BENCH] plain      SELECT_RANGE_REV  ops=150000    elapsed=  0.533s  TPS=281203
[BENCH] plain      UPDATE           ops=150000    elapsed=  2.022s  TPS=74170
[BENCH] plain      REPLACE          ops=150000    elapsed=  2.311s  TPS=64906
[BENCH] plain      DELETE           ops=150000    elapsed=  1.468s  TPS=102208

--- variant: all_desc ---
[BENCH] all_desc   INSERT           ops=150000    elapsed=  1.578s  TPS=95062
[BENCH] all_desc   SELECT_RANGE     ops=150000    elapsed=  0.523s  TPS=286880
[BENCH] all_desc   SELECT_RANGE_REV  ops=150000    elapsed=  0.508s  TPS=295198
[BENCH] all_desc   UPDATE           ops=150000    elapsed=  1.696s  TPS=88461
[BENCH] all_desc   REPLACE          ops=150000    elapsed=  1.762s  TPS=85113
[BENCH] all_desc   DELETE           ops=150000    elapsed=  2.167s  TPS=69223

--- variant: mixed ---
[BENCH] mixed      INSERT           ops=150000    elapsed=  1.660s  TPS=90375
[BENCH] mixed      SELECT_RANGE     ops=150000    elapsed=  0.525s  TPS=285841
[BENCH] mixed      SELECT_RANGE_REV  ops=150000    elapsed=  0.507s  TPS=296112
[BENCH] mixed      UPDATE           ops=150000    elapsed=  1.616s  TPS=92837
[BENCH] mixed      REPLACE          ops=150000    elapsed=  2.021s  TPS=74203
[BENCH] mixed      DELETE           ops=150000    elapsed=  1.887s  TPS=79487

[BENCH] DONE
