sort_order benchmark — scale=20  rows=1200000  bench_ops=600000

--- variant: plain ---
[BENCH] plain      INSERT           ops=600000    elapsed=  7.876s  TPS=76176
[BENCH] plain      SELECT_RANGE     ops=600000    elapsed=  2.166s  TPS=277063
[BENCH] plain      SELECT_RANGE_REV  ops=600000    elapsed=  2.278s  TPS=263423
[BENCH] plain      UPDATE           ops=600000    elapsed=  9.419s  TPS=63698
[BENCH] plain      REPLACE          ops=600000    elapsed=  9.747s  TPS=61556
[BENCH] plain      DELETE           ops=600000    elapsed=  7.836s  TPS=76568

--- variant: all_desc ---
[BENCH] all_desc   INSERT           ops=600000    elapsed=  8.883s  TPS=67546
[BENCH] all_desc   SELECT_RANGE     ops=600000    elapsed=  2.177s  TPS=275613
[BENCH] all_desc   SELECT_RANGE_REV  ops=600000    elapsed=  2.503s  TPS=239670
[BENCH] all_desc   UPDATE           ops=600000    elapsed=  9.013s  TPS=66574
[BENCH] all_desc   REPLACE          ops=600000    elapsed= 10.034s  TPS=59794
[BENCH] all_desc   DELETE           ops=600000    elapsed=  7.436s  TPS=80685

--- variant: mixed ---
[BENCH] mixed      INSERT           ops=600000    elapsed=  8.365s  TPS=71728
[BENCH] mixed      SELECT_RANGE     ops=600000    elapsed=  2.189s  TPS=274107
[BENCH] mixed      SELECT_RANGE_REV  ops=600000    elapsed=  2.472s  TPS=242767
[BENCH] mixed      UPDATE           ops=600000    elapsed=  8.697s  TPS=68993
[BENCH] mixed      REPLACE          ops=600000    elapsed= 10.476s  TPS=57272
[BENCH] mixed      DELETE           ops=600000    elapsed=  7.256s  TPS=82685

[BENCH] DONE
