sort_order benchmark — scale=1  rows=60000  bench_ops=30000

--- variant: plain ---
[BENCH] plain      INSERT           ops=30000     elapsed=  0.330s  TPS=90796
[BENCH] plain      SELECT_RANGE     ops=30000     elapsed=  0.112s  TPS=268936
[BENCH] plain      SELECT_RANGE_REV  ops=30000     elapsed=  0.096s  TPS=312895
[BENCH] plain      UPDATE           ops=30000     elapsed=  0.332s  TPS=90288
[BENCH] plain      REPLACE          ops=30000     elapsed=  0.398s  TPS=75455
[BENCH] plain      DELETE           ops=30000     elapsed=  0.314s  TPS=95559

--- variant: all_desc ---
[BENCH] all_desc   INSERT           ops=30000     elapsed=  0.426s  TPS=70444
[BENCH] all_desc   SELECT_RANGE     ops=30000     elapsed=  0.107s  TPS=280839
[BENCH] all_desc   SELECT_RANGE_REV  ops=30000     elapsed=  0.099s  TPS=302245
[BENCH] all_desc   UPDATE           ops=30000     elapsed=  0.379s  TPS=79065
[BENCH] all_desc   REPLACE          ops=30000     elapsed=  0.317s  TPS=94571
[BENCH] all_desc   DELETE           ops=30000     elapsed=  0.384s  TPS=78179

--- variant: mixed ---
[BENCH] mixed      INSERT           ops=30000     elapsed=  0.410s  TPS=73193
[BENCH] mixed      SELECT_RANGE     ops=30000     elapsed=  0.108s  TPS=278300
[BENCH] mixed      SELECT_RANGE_REV  ops=30000     elapsed=  0.105s  TPS=286158
[BENCH] mixed      UPDATE           ops=30000     elapsed=  0.405s  TPS=74154
[BENCH] mixed      REPLACE          ops=30000     elapsed=  0.526s  TPS=57039
[BENCH] mixed      DELETE           ops=30000     elapsed=  0.360s  TPS=83384

[BENCH] DONE
