sort_order benchmark — scale=1  rows=60000  bench_ops=30000

--- variant: plain ---
[BENCH] plain      INSERT           ops=30000     elapsed=  0.367s  TPS=81748
[BENCH] plain      SELECT_RANGE     ops=30000     elapsed=  0.108s  TPS=278408
[BENCH] plain      SELECT_RANGE_REV  ops=30000     elapsed=  0.097s  TPS=310134
[BENCH] plain      UPDATE           ops=30000     elapsed=  0.352s  TPS=85201
[BENCH] plain      REPLACE          ops=30000     elapsed=  0.389s  TPS=77128
[BENCH] plain      DELETE           ops=30000     elapsed=  0.358s  TPS=83717

--- variant: all_desc ---
[BENCH] all_desc   INSERT           ops=30000     elapsed=  0.528s  TPS=56853
[BENCH] all_desc   SELECT_RANGE     ops=30000     elapsed=  0.120s  TPS=249822
[BENCH] all_desc   SELECT_RANGE_REV  ops=30000     elapsed=  0.105s  TPS=285021
[BENCH] all_desc   UPDATE           ops=30000     elapsed=  0.504s  TPS=59494
[BENCH] all_desc   REPLACE          ops=30000     elapsed=  0.355s  TPS=84478
[BENCH] all_desc   DELETE           ops=30000     elapsed=  0.352s  TPS=85171

--- variant: mixed ---
[BENCH] mixed      INSERT           ops=30000     elapsed=  0.322s  TPS=93206
[BENCH] mixed      SELECT_RANGE     ops=30000     elapsed=  0.112s  TPS=266704
[BENCH] mixed      SELECT_RANGE_REV  ops=30000     elapsed=  0.110s  TPS=273461
[BENCH] mixed      UPDATE           ops=30000     elapsed=  0.398s  TPS=75395
[BENCH] mixed      REPLACE          ops=30000     elapsed=  0.345s  TPS=87017
[BENCH] mixed      DELETE           ops=30000     elapsed=  0.314s  TPS=95568

[BENCH] DONE
