sort_order benchmark — scale=10  rows=600000  bench_ops=300000

--- variant: plain ---
[BENCH] plain      INSERT           ops=300000    elapsed=  3.888s  TPS=77167
[BENCH] plain      SELECT_RANGE     ops=300000    elapsed=  1.068s  TPS=280857
[BENCH] plain      SELECT_RANGE_REV  ops=300000    elapsed=  1.057s  TPS=283729
[BENCH] plain      UPDATE           ops=300000    elapsed=  4.180s  TPS=71775
[BENCH] plain      REPLACE          ops=300000    elapsed=  4.565s  TPS=65710
[BENCH] plain      DELETE           ops=300000    elapsed=  3.494s  TPS=85862

--- variant: all_desc ---
[BENCH] all_desc   INSERT           ops=300000    elapsed=  3.787s  TPS=79214
[BENCH] all_desc   SELECT_RANGE     ops=300000    elapsed=  1.089s  TPS=275476
[BENCH] all_desc   SELECT_RANGE_REV  ops=300000    elapsed=  1.075s  TPS=278985
[BENCH] all_desc   UPDATE           ops=300000    elapsed=  4.324s  TPS=69384
[BENCH] all_desc   REPLACE          ops=300000    elapsed=  5.026s  TPS=59693
[BENCH] all_desc   DELETE           ops=300000    elapsed=  3.559s  TPS=84289

--- variant: mixed ---
[BENCH] mixed      INSERT           ops=300000    elapsed=  4.015s  TPS=74724
[BENCH] mixed      SELECT_RANGE     ops=300000    elapsed=  1.109s  TPS=270554
[BENCH] mixed      SELECT_RANGE_REV  ops=300000    elapsed=  1.048s  TPS=286168
[BENCH] mixed      UPDATE           ops=300000    elapsed=  4.450s  TPS=67422
[BENCH] mixed      REPLACE          ops=300000    elapsed=  4.873s  TPS=61562
[BENCH] mixed      DELETE           ops=300000    elapsed=  3.317s  TPS=90453

[BENCH] DONE
