sort_order benchmark — scale=5  rows=300000  bench_ops=150000

--- variant: plain ---
[BENCH] plain      INSERT           ops=150000    elapsed=  1.716s  TPS=87434
[BENCH] plain      SELECT_RANGE     ops=150000    elapsed=  0.550s  TPS=272960
[BENCH] plain      SELECT_RANGE_REV  ops=150000    elapsed=  0.515s  TPS=291304
[BENCH] plain      UPDATE           ops=150000    elapsed=  2.176s  TPS=68946
[BENCH] plain      REPLACE          ops=150000    elapsed=  2.345s  TPS=63965
[BENCH] plain      DELETE           ops=150000    elapsed=  1.667s  TPS=89987

--- variant: all_desc ---
[BENCH] all_desc   INSERT           ops=150000    elapsed=  1.920s  TPS=78136
[BENCH] all_desc   SELECT_RANGE     ops=150000    elapsed=  0.516s  TPS=290770
[BENCH] all_desc   SELECT_RANGE_REV  ops=150000    elapsed=  0.496s  TPS=302177
[BENCH] all_desc   UPDATE           ops=150000    elapsed=  1.836s  TPS=81695
[BENCH] all_desc   REPLACE          ops=150000    elapsed=  2.224s  TPS=67444
[BENCH] all_desc   DELETE           ops=150000    elapsed=  1.579s  TPS=95022

--- variant: mixed ---
[BENCH] mixed      INSERT           ops=150000    elapsed=  1.938s  TPS=77417
[BENCH] mixed      SELECT_RANGE     ops=150000    elapsed=  0.522s  TPS=287166
[BENCH] mixed      SELECT_RANGE_REV  ops=150000    elapsed=  0.497s  TPS=301788
[BENCH] mixed      UPDATE           ops=150000    elapsed=  2.018s  TPS=74335
[BENCH] mixed      REPLACE          ops=150000    elapsed=  2.133s  TPS=70314
[BENCH] mixed      DELETE           ops=150000    elapsed=  1.689s  TPS=88791

[BENCH] DONE
