sort_order benchmark — scale=20  rows=1200000  bench_ops=600000

--- variant: plain ---
[BENCH] plain      INSERT           ops=600000    elapsed=  7.219s  TPS=83113
[BENCH] plain      SELECT_RANGE     ops=600000    elapsed=  2.114s  TPS=283824
[BENCH] plain      SELECT_RANGE_REV  ops=600000    elapsed=  2.159s  TPS=277849
[BENCH] plain      UPDATE           ops=600000    elapsed=  8.317s  TPS=72142
[BENCH] plain      REPLACE          ops=600000    elapsed=  8.408s  TPS=71359
[BENCH] plain      DELETE           ops=600000    elapsed=  6.226s  TPS=96362

--- variant: all_desc ---
[BENCH] all_desc   INSERT           ops=600000    elapsed=  7.324s  TPS=81920
[BENCH] all_desc   SELECT_RANGE     ops=600000    elapsed=  2.038s  TPS=294448
[BENCH] all_desc   SELECT_RANGE_REV  ops=600000    elapsed=  2.231s  TPS=268951
[BENCH] all_desc   UPDATE           ops=600000    elapsed=  8.860s  TPS=67717
[BENCH] all_desc   REPLACE          ops=600000    elapsed= 10.596s  TPS=56627
[BENCH] all_desc   DELETE           ops=600000    elapsed=  6.935s  TPS=86520

--- variant: mixed ---
[BENCH] mixed      INSERT           ops=600000    elapsed=  7.734s  TPS=77575
[BENCH] mixed      SELECT_RANGE     ops=600000    elapsed=  2.020s  TPS=297044
[BENCH] mixed      SELECT_RANGE_REV  ops=600000    elapsed=  2.344s  TPS=255919
[BENCH] mixed      UPDATE           ops=600000    elapsed=  7.991s  TPS=75088
[BENCH] mixed      REPLACE          ops=600000    elapsed= 10.404s  TPS=57670
[BENCH] mixed      DELETE           ops=600000    elapsed=  7.153s  TPS=83881

[BENCH] DONE
