sort_order benchmark — scale=30  rows=1800000  bench_ops=900000

--- variant: plain ---
[BENCH] plain      INSERT           ops=900000    elapsed= 12.707s  TPS=70829
[BENCH] plain      SELECT_RANGE     ops=900000    elapsed=  3.201s  TPS=281201
[BENCH] plain      SELECT_RANGE_REV  ops=900000    elapsed=  3.910s  TPS=230170
[BENCH] plain      UPDATE           ops=900000    elapsed= 12.223s  TPS=73634
[BENCH] plain      REPLACE          ops=900000    elapsed= 15.272s  TPS=58932
[BENCH] plain      DELETE           ops=900000    elapsed= 11.341s  TPS=79356

--- variant: all_desc ---
[BENCH] all_desc   INSERT           ops=900000    elapsed= 12.944s  TPS=69530
[BENCH] all_desc   SELECT_RANGE     ops=900000    elapsed=  3.264s  TPS=275699
[BENCH] all_desc   SELECT_RANGE_REV  ops=900000    elapsed=  4.011s  TPS=224367
[BENCH] all_desc   UPDATE           ops=900000    elapsed= 15.181s  TPS=59283
[BENCH] all_desc   REPLACE          ops=900000    elapsed= 16.253s  TPS=55375
[BENCH] all_desc   DELETE           ops=900000    elapsed= 11.009s  TPS=81754

--- variant: mixed ---
[BENCH] mixed      INSERT           ops=900000    elapsed= 12.134s  TPS=74172
[BENCH] mixed      SELECT_RANGE     ops=900000    elapsed=  3.213s  TPS=280138
[BENCH] mixed      SELECT_RANGE_REV  ops=900000    elapsed=  4.072s  TPS=221027
[BENCH] mixed      UPDATE           ops=900000    elapsed= 13.724s  TPS=65576
[BENCH] mixed      REPLACE          ops=900000    elapsed= 16.582s  TPS=54277
[BENCH] mixed      DELETE           ops=900000    elapsed= 11.466s  TPS=78491

[BENCH] DONE
