sort_order benchmark — scale=20  rows=1200000  bench_ops=600000

--- variant: plain ---
[BENCH] plain      INSERT           ops=600000    elapsed=  8.676s  TPS=69152
[BENCH] plain      SELECT_RANGE     ops=600000    elapsed=  2.189s  TPS=274118
[BENCH] plain      SELECT_RANGE_REV  ops=600000    elapsed=  2.369s  TPS=253247
[BENCH] plain      UPDATE           ops=600000    elapsed=  9.628s  TPS=62315
[BENCH] plain      REPLACE          ops=600000    elapsed=  9.735s  TPS=61632
[BENCH] plain      DELETE           ops=600000    elapsed=  7.215s  TPS=83159

--- variant: all_desc ---
[BENCH] all_desc   INSERT           ops=600000    elapsed=  8.581s  TPS=69921
[BENCH] all_desc   SELECT_RANGE     ops=600000    elapsed=  2.218s  TPS=270530
[BENCH] all_desc   SELECT_RANGE_REV  ops=600000    elapsed=  2.402s  TPS=249810
[BENCH] all_desc   UPDATE           ops=600000    elapsed=  9.668s  TPS=62060
[BENCH] all_desc   REPLACE          ops=600000    elapsed= 12.065s  TPS=49731
[BENCH] all_desc   DELETE           ops=600000    elapsed=  7.991s  TPS=75083

--- variant: mixed ---
[BENCH] mixed      INSERT           ops=600000    elapsed=  9.383s  TPS=63945
[BENCH] mixed      SELECT_RANGE     ops=600000    elapsed=  2.318s  TPS=258851
[BENCH] mixed      SELECT_RANGE_REV  ops=600000    elapsed=  2.616s  TPS=229325
[BENCH] mixed      UPDATE           ops=600000    elapsed= 10.466s  TPS=57327
[BENCH] mixed      REPLACE          ops=600000    elapsed= 12.140s  TPS=49424
[BENCH] mixed      DELETE           ops=600000    elapsed=  8.321s  TPS=72102

[BENCH] DONE
