sort_order benchmark — scale=30  rows=1800000  bench_ops=900000

--- variant: plain ---
[BENCH] plain      INSERT           ops=900000    elapsed= 13.066s  TPS=68882
[BENCH] plain      SELECT_RANGE     ops=900000    elapsed=  3.324s  TPS=270768
[BENCH] plain      SELECT_RANGE_REV  ops=900000    elapsed=  4.129s  TPS=217954
[BENCH] plain      UPDATE           ops=900000    elapsed= 14.928s  TPS=60289
[BENCH] plain      REPLACE          ops=900000    elapsed= 17.198s  TPS=52330
[BENCH] plain      DELETE           ops=900000    elapsed= 11.898s  TPS=75643

--- variant: all_desc ---
[BENCH] all_desc   INSERT           ops=900000    elapsed= 13.285s  TPS=67744
[BENCH] all_desc   SELECT_RANGE     ops=900000    elapsed=  3.315s  TPS=271486
[BENCH] all_desc   SELECT_RANGE_REV  ops=900000    elapsed=  3.932s  TPS=228892
[BENCH] all_desc   UPDATE           ops=900000    elapsed= 15.736s  TPS=57194
[BENCH] all_desc   REPLACE          ops=900000    elapsed= 17.594s  TPS=51155
[BENCH] all_desc   DELETE           ops=900000    elapsed= 12.145s  TPS=74106

--- variant: mixed ---
[BENCH] mixed      INSERT           ops=900000    elapsed= 13.673s  TPS=65822
[BENCH] mixed      SELECT_RANGE     ops=900000    elapsed=  3.323s  TPS=270868
[BENCH] mixed      SELECT_RANGE_REV  ops=900000    elapsed=  3.870s  TPS=232531
[BENCH] mixed      UPDATE           ops=900000    elapsed= 15.230s  TPS=59095
[BENCH] mixed      REPLACE          ops=900000    elapsed= 17.689s  TPS=50879
[BENCH] mixed      DELETE           ops=900000    elapsed= 11.588s  TPS=77663

[BENCH] DONE
