sort_order benchmark — scale=1  rows=60000  bench_ops=30000

--- variant: plain ---
[BENCH] plain      INSERT           ops=30000     elapsed=  0.257s  TPS=116808
[BENCH] plain      SELECT_RANGE     ops=30000     elapsed=  0.107s  TPS=279542
[BENCH] plain      SELECT_RANGE_REV  ops=30000     elapsed=  0.105s  TPS=284602
[BENCH] plain      UPDATE           ops=30000     elapsed=  0.326s  TPS=92003
[BENCH] plain      REPLACE          ops=30000     elapsed=  0.376s  TPS=79889
[BENCH] plain      DELETE           ops=30000     elapsed=  0.357s  TPS=84025

--- variant: all_desc ---
[BENCH] all_desc   INSERT           ops=30000     elapsed=  0.360s  TPS=83268
[BENCH] all_desc   SELECT_RANGE     ops=30000     elapsed=  0.118s  TPS=254865
[BENCH] all_desc   SELECT_RANGE_REV  ops=30000     elapsed=  0.106s  TPS=283284
[BENCH] all_desc   UPDATE           ops=30000     elapsed=  0.340s  TPS=88294
[BENCH] all_desc   REPLACE          ops=30000     elapsed=  0.347s  TPS=86501
[BENCH] all_desc   DELETE           ops=30000     elapsed=  0.303s  TPS=98847

--- variant: mixed ---
[BENCH] mixed      INSERT           ops=30000     elapsed=  0.349s  TPS=85920
[BENCH] mixed      SELECT_RANGE     ops=30000     elapsed=  0.105s  TPS=286907
[BENCH] mixed      SELECT_RANGE_REV  ops=30000     elapsed=  0.102s  TPS=295108
[BENCH] mixed      UPDATE           ops=30000     elapsed=  0.406s  TPS=73864
[BENCH] mixed      REPLACE          ops=30000     elapsed=  0.282s  TPS=106333
[BENCH] mixed      DELETE           ops=30000     elapsed=  0.238s  TPS=126034

[BENCH] DONE
