sort_order benchmark — scale=30  rows=1800000  bench_ops=900000

--- variant: plain ---
[BENCH] plain      INSERT           ops=900000    elapsed= 13.343s  TPS=67451
[BENCH] plain      SELECT_RANGE     ops=900000    elapsed=  3.290s  TPS=273556
[BENCH] plain      SELECT_RANGE_REV  ops=900000    elapsed=  3.996s  TPS=225221
[BENCH] plain      UPDATE           ops=900000    elapsed= 14.251s  TPS=63153
[BENCH] plain      REPLACE          ops=900000    elapsed= 15.665s  TPS=57454
[BENCH] plain      DELETE           ops=900000    elapsed= 11.089s  TPS=81158

--- variant: all_desc ---
[BENCH] all_desc   INSERT           ops=900000    elapsed= 12.946s  TPS=69521
[BENCH] all_desc   SELECT_RANGE     ops=900000    elapsed=  3.240s  TPS=277782
[BENCH] all_desc   SELECT_RANGE_REV  ops=900000    elapsed=  3.811s  TPS=236135
[BENCH] all_desc   UPDATE           ops=900000    elapsed= 15.127s  TPS=59495
[BENCH] all_desc   REPLACE          ops=900000    elapsed= 17.542s  TPS=51304
[BENCH] all_desc   DELETE           ops=900000    elapsed= 12.082s  TPS=74489

--- variant: mixed ---
[BENCH] mixed      INSERT           ops=900000    elapsed= 14.782s  TPS=60886
[BENCH] mixed      SELECT_RANGE     ops=900000    elapsed=  3.398s  TPS=264876
[BENCH] mixed      SELECT_RANGE_REV  ops=900000    elapsed=  4.006s  TPS=224660
[BENCH] mixed      UPDATE           ops=900000    elapsed= 15.636s  TPS=57558
[BENCH] mixed      REPLACE          ops=900000    elapsed= 17.677s  TPS=50914
[BENCH] mixed      DELETE           ops=900000    elapsed= 11.749s  TPS=76602

[BENCH] DONE
