sort_order benchmark — scale=30  rows=1800000  bench_ops=900000

--- variant: plain ---
[BENCH] plain      INSERT           ops=900000    elapsed= 13.425s  TPS=67041
[BENCH] plain      SELECT_RANGE     ops=900000    elapsed=  3.464s  TPS=259841
[BENCH] plain      SELECT_RANGE_REV  ops=900000    elapsed=  4.144s  TPS=217175
[BENCH] plain      UPDATE           ops=900000    elapsed= 14.865s  TPS=60542
[BENCH] plain      REPLACE          ops=900000    elapsed= 17.228s  TPS=52239
[BENCH] plain      DELETE           ops=900000    elapsed= 11.461s  TPS=78529

--- variant: all_desc ---
[BENCH] all_desc   INSERT           ops=900000    elapsed= 13.277s  TPS=67785
[BENCH] all_desc   SELECT_RANGE     ops=900000    elapsed=  3.330s  TPS=270248
[BENCH] all_desc   SELECT_RANGE_REV  ops=900000    elapsed=  4.070s  TPS=221138
[BENCH] all_desc   UPDATE           ops=900000    elapsed= 15.344s  TPS=58655
[BENCH] all_desc   REPLACE          ops=900000    elapsed= 17.393s  TPS=51746
[BENCH] all_desc   DELETE           ops=900000    elapsed= 11.327s  TPS=79455

--- variant: mixed ---
[BENCH] mixed      INSERT           ops=900000    elapsed= 13.369s  TPS=67321
[BENCH] mixed      SELECT_RANGE     ops=900000    elapsed=  3.378s  TPS=266428
[BENCH] mixed      SELECT_RANGE_REV  ops=900000    elapsed=  4.176s  TPS=215509
[BENCH] mixed      UPDATE           ops=900000    elapsed= 13.179s  TPS=68289
[BENCH] mixed      REPLACE          ops=900000    elapsed= 16.799s  TPS=53574
[BENCH] mixed      DELETE           ops=900000    elapsed= 12.110s  TPS=74316

[BENCH] DONE
