sort_order benchmark — scale=20  rows=1200000  bench_ops=600000

--- variant: plain ---
[BENCH] plain      INSERT           ops=600000    elapsed=  7.313s  TPS=82041
[BENCH] plain      SELECT_RANGE     ops=600000    elapsed=  2.158s  TPS=278063
[BENCH] plain      SELECT_RANGE_REV  ops=600000    elapsed=  2.468s  TPS=243104
[BENCH] plain      UPDATE           ops=600000    elapsed=  8.143s  TPS=73682
[BENCH] plain      REPLACE          ops=600000    elapsed= 10.308s  TPS=58209
[BENCH] plain      DELETE           ops=600000    elapsed=  7.782s  TPS=77101

--- variant: all_desc ---
[BENCH] all_desc   INSERT           ops=600000    elapsed=  7.016s  TPS=85514
[BENCH] all_desc   SELECT_RANGE     ops=600000    elapsed=  2.110s  TPS=284384
[BENCH] all_desc   SELECT_RANGE_REV  ops=600000    elapsed=  2.615s  TPS=229478
[BENCH] all_desc   UPDATE           ops=600000    elapsed=  8.326s  TPS=72059
[BENCH] all_desc   REPLACE          ops=600000    elapsed=  9.252s  TPS=64853
[BENCH] all_desc   DELETE           ops=600000    elapsed=  7.222s  TPS=83083

--- variant: mixed ---
[BENCH] mixed      INSERT           ops=600000    elapsed=  8.285s  TPS=72420
[BENCH] mixed      SELECT_RANGE     ops=600000    elapsed=  2.140s  TPS=280355
[BENCH] mixed      SELECT_RANGE_REV  ops=600000    elapsed=  2.549s  TPS=235344
[BENCH] mixed      UPDATE           ops=600000    elapsed=  8.974s  TPS=66857
[BENCH] mixed      REPLACE          ops=600000    elapsed=  9.884s  TPS=60705
[BENCH] mixed      DELETE           ops=600000    elapsed=  6.921s  TPS=86687

[BENCH] DONE
