sort_order benchmark — scale=5  rows=300000  bench_ops=150000

--- variant: plain ---
[BENCH] plain      INSERT           ops=150000    elapsed=  1.879s  TPS=79825
[BENCH] plain      SELECT_RANGE     ops=150000    elapsed=  0.547s  TPS=274365
[BENCH] plain      SELECT_RANGE_REV  ops=150000    elapsed=  0.506s  TPS=296262
[BENCH] plain      UPDATE           ops=150000    elapsed=  1.951s  TPS=76872
[BENCH] plain      REPLACE          ops=150000    elapsed=  2.203s  TPS=68091
[BENCH] plain      DELETE           ops=150000    elapsed=  1.777s  TPS=84405

--- variant: all_desc ---
[BENCH] all_desc   INSERT           ops=150000    elapsed=  1.877s  TPS=79910
[BENCH] all_desc   SELECT_RANGE     ops=150000    elapsed=  0.530s  TPS=283121
[BENCH] all_desc   SELECT_RANGE_REV  ops=150000    elapsed=  0.493s  TPS=303986
[BENCH] all_desc   UPDATE           ops=150000    elapsed=  1.938s  TPS=77396
[BENCH] all_desc   REPLACE          ops=150000    elapsed=  2.210s  TPS=67877
[BENCH] all_desc   DELETE           ops=150000    elapsed=  1.804s  TPS=83146

--- variant: mixed ---
[BENCH] mixed      INSERT           ops=150000    elapsed=  2.090s  TPS=71755
[BENCH] mixed      SELECT_RANGE     ops=150000    elapsed=  0.525s  TPS=285523
[BENCH] mixed      SELECT_RANGE_REV  ops=150000    elapsed=  0.508s  TPS=295557
[BENCH] mixed      UPDATE           ops=150000    elapsed=  2.327s  TPS=64465
[BENCH] mixed      REPLACE          ops=150000    elapsed=  2.283s  TPS=65710
[BENCH] mixed      DELETE           ops=150000    elapsed=  1.733s  TPS=86579

[BENCH] DONE
