sort_order benchmark — scale=10  rows=600000  bench_ops=300000

--- variant: plain ---
[BENCH] plain      INSERT           ops=300000    elapsed=  4.616s  TPS=64989
[BENCH] plain      SELECT_RANGE     ops=300000    elapsed=  1.080s  TPS=277677
[BENCH] plain      SELECT_RANGE_REV  ops=300000    elapsed=  1.077s  TPS=278590
[BENCH] plain      UPDATE           ops=300000    elapsed=  4.126s  TPS=72708
[BENCH] plain      REPLACE          ops=300000    elapsed=  5.239s  TPS=57264
[BENCH] plain      DELETE           ops=300000    elapsed=  3.910s  TPS=76716

--- variant: all_desc ---
[BENCH] all_desc   INSERT           ops=300000    elapsed=  3.996s  TPS=75078
[BENCH] all_desc   SELECT_RANGE     ops=300000    elapsed=  1.171s  TPS=256204
[BENCH] all_desc   SELECT_RANGE_REV  ops=300000    elapsed=  1.145s  TPS=261922
[BENCH] all_desc   UPDATE           ops=300000    elapsed=  4.490s  TPS=66816
[BENCH] all_desc   REPLACE          ops=300000    elapsed=  5.333s  TPS=56252
[BENCH] all_desc   DELETE           ops=300000    elapsed=  3.638s  TPS=82469

--- variant: mixed ---
[BENCH] mixed      INSERT           ops=300000    elapsed=  3.951s  TPS=75924
[BENCH] mixed      SELECT_RANGE     ops=300000    elapsed=  1.216s  TPS=246731
[BENCH] mixed      SELECT_RANGE_REV  ops=300000    elapsed=  1.145s  TPS=262042
[BENCH] mixed      UPDATE           ops=300000    elapsed=  4.186s  TPS=71668
[BENCH] mixed      REPLACE          ops=300000    elapsed=  4.905s  TPS=61164
[BENCH] mixed      DELETE           ops=300000    elapsed=  3.539s  TPS=84770

[BENCH] DONE
