sort_order benchmark — scale=5  rows=300000  bench_ops=150000

--- variant: plain ---
[BENCH] plain      INSERT           ops=150000    elapsed=  2.147s  TPS=69877
[BENCH] plain      SELECT_RANGE     ops=150000    elapsed=  0.518s  TPS=289412
[BENCH] plain      SELECT_RANGE_REV  ops=150000    elapsed=  0.501s  TPS=299692
[BENCH] plain      UPDATE           ops=150000    elapsed=  1.820s  TPS=82419
[BENCH] plain      REPLACE          ops=150000    elapsed=  2.208s  TPS=67924
[BENCH] plain      DELETE           ops=150000    elapsed=  1.800s  TPS=83321

--- variant: all_desc ---
[BENCH] all_desc   INSERT           ops=150000    elapsed=  1.553s  TPS=96587
[BENCH] all_desc   SELECT_RANGE     ops=150000    elapsed=  0.503s  TPS=298189
[BENCH] all_desc   SELECT_RANGE_REV  ops=150000    elapsed=  0.488s  TPS=307222
[BENCH] all_desc   UPDATE           ops=150000    elapsed=  1.822s  TPS=82328
[BENCH] all_desc   REPLACE          ops=150000    elapsed=  1.994s  TPS=75241
[BENCH] all_desc   DELETE           ops=150000    elapsed=  1.599s  TPS=93786

--- variant: mixed ---
[BENCH] mixed      INSERT           ops=150000    elapsed=  1.495s  TPS=100357
[BENCH] mixed      SELECT_RANGE     ops=150000    elapsed=  0.514s  TPS=291663
[BENCH] mixed      SELECT_RANGE_REV  ops=150000    elapsed=  0.488s  TPS=307290
[BENCH] mixed      UPDATE           ops=150000    elapsed=  2.308s  TPS=64978
[BENCH] mixed      REPLACE          ops=150000    elapsed=  2.334s  TPS=64269
[BENCH] mixed      DELETE           ops=150000    elapsed=  1.807s  TPS=82990

[BENCH] DONE
