sort_order benchmark — scale=1  rows=60000  bench_ops=30000

--- variant: plain ---
[BENCH] plain      INSERT           ops=30000     elapsed=  0.437s  TPS=68718
[BENCH] plain      SELECT_RANGE     ops=30000     elapsed=  0.117s  TPS=255467
[BENCH] plain      SELECT_RANGE_REV  ops=30000     elapsed=  0.099s  TPS=303193
[BENCH] plain      UPDATE           ops=30000     elapsed=  0.477s  TPS=62891
[BENCH] plain      REPLACE          ops=30000     elapsed=  0.340s  TPS=88233
[BENCH] plain      DELETE           ops=30000     elapsed=  0.291s  TPS=102945

--- variant: all_desc ---
[BENCH] all_desc   INSERT           ops=30000     elapsed=  0.396s  TPS=75820
[BENCH] all_desc   SELECT_RANGE     ops=30000     elapsed=  0.104s  TPS=288576
[BENCH] all_desc   SELECT_RANGE_REV  ops=30000     elapsed=  0.098s  TPS=305058
[BENCH] all_desc   UPDATE           ops=30000     elapsed=  0.373s  TPS=80326
[BENCH] all_desc   REPLACE          ops=30000     elapsed=  0.313s  TPS=95894
[BENCH] all_desc   DELETE           ops=30000     elapsed=  0.304s  TPS=98723

--- variant: mixed ---
[BENCH] mixed      INSERT           ops=30000     elapsed=  0.327s  TPS=91835
[BENCH] mixed      SELECT_RANGE     ops=30000     elapsed=  0.104s  TPS=287912
[BENCH] mixed      SELECT_RANGE_REV  ops=30000     elapsed=  0.098s  TPS=307393
[BENCH] mixed      UPDATE           ops=30000     elapsed=  0.432s  TPS=69500
[BENCH] mixed      REPLACE          ops=30000     elapsed=  0.354s  TPS=84818
[BENCH] mixed      DELETE           ops=30000     elapsed=  0.249s  TPS=120334

[BENCH] DONE
