sort_order benchmark — scale=30  rows=1800000  bench_ops=900000

--- variant: plain ---
[BENCH] plain      INSERT           ops=900000    elapsed= 11.197s  TPS=80377
[BENCH] plain      SELECT_RANGE     ops=900000    elapsed=  3.127s  TPS=287810
[BENCH] plain      SELECT_RANGE_REV  ops=900000    elapsed=  3.834s  TPS=234726
[BENCH] plain      UPDATE           ops=900000    elapsed= 13.495s  TPS=66691
[BENCH] plain      REPLACE          ops=900000    elapsed= 15.934s  TPS=56484
[BENCH] plain      DELETE           ops=900000    elapsed= 11.880s  TPS=75756

--- variant: all_desc ---
[BENCH] all_desc   INSERT           ops=900000    elapsed= 13.682s  TPS=65778
[BENCH] all_desc   SELECT_RANGE     ops=900000    elapsed=  3.209s  TPS=280472
[BENCH] all_desc   SELECT_RANGE_REV  ops=900000    elapsed=  3.733s  TPS=241073
[BENCH] all_desc   UPDATE           ops=900000    elapsed= 14.161s  TPS=63553
[BENCH] all_desc   REPLACE          ops=900000    elapsed= 16.036s  TPS=56124
[BENCH] all_desc   DELETE           ops=900000    elapsed= 11.797s  TPS=76290

--- variant: mixed ---
[BENCH] mixed      INSERT           ops=900000    elapsed= 13.810s  TPS=65171
[BENCH] mixed      SELECT_RANGE     ops=900000    elapsed=  3.294s  TPS=273202
[BENCH] mixed      SELECT_RANGE_REV  ops=900000    elapsed=  3.675s  TPS=244905
[BENCH] mixed      UPDATE           ops=900000    elapsed= 14.518s  TPS=61990
[BENCH] mixed      REPLACE          ops=900000    elapsed= 16.635s  TPS=54101
[BENCH] mixed      DELETE           ops=900000    elapsed= 11.391s  TPS=79011

[BENCH] DONE
