sort_order benchmark — scale=20  rows=1200000  bench_ops=600000

--- variant: plain ---
[BENCH] plain      INSERT           ops=600000    elapsed=  8.143s  TPS=73684
[BENCH] plain      SELECT_RANGE     ops=600000    elapsed=  2.326s  TPS=257900
[BENCH] plain      SELECT_RANGE_REV  ops=600000    elapsed=  2.278s  TPS=263355
[BENCH] plain      UPDATE           ops=600000    elapsed=  8.625s  TPS=69567
[BENCH] plain      REPLACE          ops=600000    elapsed=  9.365s  TPS=64066
[BENCH] plain      DELETE           ops=600000    elapsed=  6.571s  TPS=91307

--- variant: all_desc ---
[BENCH] all_desc   INSERT           ops=600000    elapsed=  7.838s  TPS=76554
[BENCH] all_desc   SELECT_RANGE     ops=600000    elapsed=  2.093s  TPS=286650
[BENCH] all_desc   SELECT_RANGE_REV  ops=600000    elapsed=  2.262s  TPS=265198
[BENCH] all_desc   UPDATE           ops=600000    elapsed=  8.675s  TPS=69165
[BENCH] all_desc   REPLACE          ops=600000    elapsed=  9.787s  TPS=61308
[BENCH] all_desc   DELETE           ops=600000    elapsed=  7.093s  TPS=84585

--- variant: mixed ---
[BENCH] mixed      INSERT           ops=600000    elapsed=  7.346s  TPS=81672
[BENCH] mixed      SELECT_RANGE     ops=600000    elapsed=  2.127s  TPS=282087
[BENCH] mixed      SELECT_RANGE_REV  ops=600000    elapsed=  2.402s  TPS=249773
[BENCH] mixed      UPDATE           ops=600000    elapsed=  8.785s  TPS=68298
[BENCH] mixed      REPLACE          ops=600000    elapsed=  9.133s  TPS=65696
[BENCH] mixed      DELETE           ops=600000    elapsed=  7.240s  TPS=82871

[BENCH] DONE
